// Jest Snapshot v1, https://goo.gl/fbAQLP

exports[`Snapshot 1`] = `
<DocumentFragment>
  <div
    class="MuiGrid-root MuiGrid-container MuiGrid-spacing-xs-3 MuiGrid-direction-xs-column MuiGrid-align-items-xs-center MuiGrid-justify-xs-center"
  >
    <div
      class="MuiGrid-root MuiGrid-item MuiGrid-grid-xs-12"
    >
      <h2
        class="MuiTypography-root MuiTypography-h2"
      >
        Simple React Counter
      </h2>
    </div>
    <div
      class="MuiGrid-root MuiGrid-item MuiGrid-grid-xs-12"
    >
      <p
        class="MuiTypography-root MuiTypography-body2"
      >
        A simple example of using  
        <a
          href="https://reactjs.org/docs/hooks-intro.html"
          rel="noreferrer"
          target="_blank"
        >
          React.Hooks
        </a>
         to store local state. Source Code can be found 
        <a
          href="https://github.com/daxz1/react-simple-counter"
          rel="noreferrer"
          target="_blank"
        >
          here
        </a>
        .
      </p>
    </div>
    <div
      class="MuiGrid-root MuiGrid-item MuiGrid-grid-xs-12"
    >
      <button
        class="MuiButtonBase-root MuiButton-root MuiButton-contained MuiButton-containedPrimary"
        tabindex="0"
        type="button"
      >
        <span
          class="MuiButton-label"
        >
          <span
            data-testid="increment"
          >
            +
          </span>
        </span>
        <span
          class="MuiTouchRipple-root"
        />
      </button>
      <p
        class="MuiTypography-root MuiTypography-body1 MuiTypography-alignCenter"
      >
        <span
          data-testid="counter"
        >
          0
        </span>
      </p>
      <button
        class="MuiButtonBase-root MuiButton-root MuiButton-contained MuiButton-containedPrimary"
        tabindex="0"
        type="button"
      >
        <span
          class="MuiButton-label"
        >
          <span
            data-testid="decrement"
          >
            -
          </span>
        </span>
        <span
          class="MuiTouchRipple-root"
        />
      </button>
    </div>
  </div>
</DocumentFragment>
`;
